 
Ansys Electronics Desktop Version 2024.2.0, Build: 2024-05-23 02:23:50
Location: C:\Program Files\AnsysEM\v242\Win64\ansysedt.exe
Non Graphical Mode: No Project??
Starting Batch Run: 9:24:25 PM  Sep 14, 2026
Running as user : FILIPEANDRADE\filip
Temp directory: C:\Users\filip\AppData\Local\Temp
Project directory: C:\Users\filip\Documents\Ansoft
-- Message Window --
      *Global - Messages
        [info] GRPC server running on port: 58329. 
        [error] Script macro error: Loading project failed: C:/Users/filip/Desktop/Github/Cavidade/Cavidade_Eliptica.
-- Message Window --
Stopping Batch Run: 9:24:51 PM  Sep 14, 2026
 
Ansys Electronics Desktop Version 2024.2.0, Build: 2024-05-23 02:23:50
Location: C:\Program Files\AnsysEM\v242\Win64\ansysedt.exe
Non Graphical Mode: No Project??
Starting Batch Run: 9:26:25 PM  Sep 14, 2026
Running as user : FILIPEANDRADE\filip
Temp directory: C:\Users\filip\AppData\Local\Temp
Project directory: C:\Users\filip\Documents\Ansoft
The project 'Cavidade_Eliptica_Proj' has been edited and/or solved. Do you want to save the changes?
-- Message Window --
      *Global - Messages
        [info] GRPC server running on port: 64914. 
        [info] The project 'Cavidade_Eliptica_Proj' has been edited and/or solved. Do you want to save the changes?
      Cavidade_Eliptica_Proj (C:/Users/filip/Documents/Ansoft/)
        Cavidade (Modal Network)
          [warning] 'Solve inside' for object 'Metal_Cavity' is unset, due to material assignment change. (09:26:42 PM  Sep 14, 2026)
-- Message Window --
Stopping Batch Run: 9:28:06 PM  Sep 14, 2026
 
Ansys Electronics Desktop Version 2024.2.0, Build: 2024-05-23 02:23:50
Location: C:\Program Files\AnsysEM\v242\Win64\ansysedt.exe
Non Graphical Mode: No Project??
Starting Batch Run: 9:35:24 PM  Sep 14, 2026
Running as user : FILIPEANDRADE\filip
Temp directory: C:\Users\filip\AppData\Local\Temp
Project directory: C:\Users\filip\Documents\Ansoft
The project 'Cavidade_Eliptica_Proj' has been edited and/or solved. Do you want to save the changes?
-- Message Window --
      *Global - Messages
        [info] GRPC server running on port: 52847. 
        [info] The project 'Cavidade_Eliptica_Proj' has been edited and/or solved. Do you want to save the changes?
      Cavidade_Eliptica_Proj (C:/Users/filip/Documents/Ansoft/)
        Cavidade (Modal Network)
          [info] An interpolating frequency sweep with 201 points has been started using HFSS - Solving Distributed. (09:39:24 PM  Sep 14, 2026)
          [info] Interpolating frequency sweep complete. Converged. (09:39:24 PM  Sep 14, 2026)
          [info] Normal completion of simulation on server: Local Machine. (09:39:24 PM  Sep 14, 2026)
-- Message Window --
Stopping Batch Run: 9:40:05 PM  Sep 14, 2026
 
Ansys Electronics Desktop Version 2024.2.0, Build: 2024-05-23 02:23:50
Location: C:\Program Files\AnsysEM\v242\Win64\ansysedt.exe
Non Graphical Mode: No Project??
Starting Batch Run: 9:46:34 PM  Sep 14, 2026
Running as user : FILIPEANDRADE\filip
Temp directory: C:\Users\filip\AppData\Local\Temp
Project directory: C:\Users\filip\Documents\Ansoft
The project 'Cavidade_Eliptica_Proj' has been edited and/or solved. Do you want to save the changes?
-- Message Window --
      *Global - Messages
        [info] GRPC server running on port: 60315. 
        [info] The project 'Cavidade_Eliptica_Proj' has been edited and/or solved. Do you want to save the changes?
      Cavidade_Eliptica_Proj (C:/Users/filip/Documents/Ansoft/)
        Cavidade (Modal Network)
          [info] An interpolating frequency sweep with 1001 points has been started using HFSS - Solving Distributed. (09:49:29 PM  Sep 14, 2026)
          [info] Interpolating frequency sweep complete. Converged. (09:49:29 PM  Sep 14, 2026)
          [info] Normal completion of simulation on server: Local Machine. (09:49:29 PM  Sep 14, 2026)
          [warning] Cavidade: Solutions have been invalidated. Undo to recover. (09:49:30 PM  Sep 14, 2026)
-- Message Window --
Stopping Batch Run: 9:49:51 PM  Sep 14, 2026
 
Ansys Electronics Desktop Version 2024.2.0, Build: 2024-05-23 02:23:50
Location: C:\Program Files\AnsysEM\v242\Win64\ansysedt.exe
Non Graphical Mode: No Project??
Starting Batch Run: 9:57:40 PM  Sep 14, 2026
Running as user : FILIPEANDRADE\filip
Temp directory: C:\Users\filip\AppData\Local\Temp
Project directory: C:\Users\filip\Documents\Ansoft
The project 'Cavidade_Eliptica_Proj' has been edited and/or solved. Do you want to save the changes?
-- Message Window --
      *Global - Messages
        [info] GRPC server running on port: 63465. 
        [info] The project 'Cavidade_Eliptica_Proj' has been edited and/or solved. Do you want to save the changes?
      Cavidade_Eliptica_Proj (C:/Users/filip/Documents/Ansoft/)
        Cavidade (Modal Network)
          [info] An interpolating frequency sweep with 1001 points has been started using HFSS - Solving Distributed. (10:00:48 PM  Sep 14, 2026)
          [info] Interpolating frequency sweep complete. Converged. (10:00:48 PM  Sep 14, 2026)
          [info] Normal completion of simulation on server: Local Machine. (10:00:48 PM  Sep 14, 2026)
          [warning] Cavidade: Solutions have been invalidated. Undo to recover. (10:00:49 PM  Sep 14, 2026)
          [warning] The variable  'Phase' doesn't have an associated sweep and is excluded from the definition of trace. (10:00:57 PM  Sep 14, 2026)
-- Message Window --
Stopping Batch Run: 10:02:41 PM  Sep 14, 2026
 
Ansys Electronics Desktop Version 2024.2.0, Build: 2024-05-23 02:23:50
Location: C:\Program Files\AnsysEM\v242\Win64\ansysedt.exe
Non Graphical Mode: No Project??
Starting Batch Run: 10:03:00 PM  Sep 14, 2026
Running as user : FILIPEANDRADE\filip
Temp directory: C:\Users\filip\AppData\Local\Temp
Project directory: C:\Users\filip\Documents\Ansoft
The project 'Cavidade_Eliptica_Proj' has been edited and/or solved. Do you want to save the changes?
-- Message Window --
      *Global - Messages
        [info] GRPC server running on port: 53925. 
        [info] The project 'Cavidade_Eliptica_Proj' has been edited and/or solved. Do you want to save the changes?
      Cavidade_Eliptica_Proj (C:/Users/filip/Documents/Ansoft/)
        Cavidade (Modal Network)
          [info] An interpolating frequency sweep with 1001 points has been started using HFSS - Solving Distributed. (10:06:53 PM  Sep 14, 2026)
          [info] Interpolating frequency sweep complete. Converged. (10:06:53 PM  Sep 14, 2026)
          [info] Normal completion of simulation on server: Local Machine. (10:06:53 PM  Sep 14, 2026)
          [warning] The variable  'Phase' doesn't have an associated sweep and is excluded from the definition of trace. (10:07:04 PM  Sep 14, 2026)
-- Message Window --
Stopping Batch Run: 10:08:54 PM  Sep 14, 2026
 
Ansys Electronics Desktop Version 2024.2.0, Build: 2024-05-23 02:23:50
Location: C:\Program Files\AnsysEM\v242\Win64\ansysedt.exe
Non Graphical Mode: No Project??
Starting Batch Run: 10:09:03 PM  Sep 14, 2026
Running as user : FILIPEANDRADE\filip
Temp directory: C:\Users\filip\AppData\Local\Temp
Project directory: C:\Users\filip\Documents\Ansoft
The project 'Cavidade_Eliptica_Proj' has been edited and/or solved. Do you want to save the changes?
-- Message Window --
      *Global - Messages
        [info] GRPC server running on port: 64639. 
        [info] The project 'Cavidade_Eliptica_Proj' has been edited and/or solved. Do you want to save the changes?
      Cavidade_Eliptica_Proj (C:/Users/filip/Documents/Ansoft/)
        Cavidade (Modal Network)
          [info] An interpolating frequency sweep with 1001 points has been started using HFSS - Solving Distributed. (10:12:48 PM  Sep 14, 2026)
          [info] Interpolating frequency sweep complete. Converged. (10:12:48 PM  Sep 14, 2026)
          [info] Normal completion of simulation on server: Local Machine. (10:12:48 PM  Sep 14, 2026)
          [warning] The variable  'Phase' doesn't have an associated sweep and is excluded from the definition of trace. (10:13:02 PM  Sep 14, 2026)
-- Message Window --
Stopping Batch Run: 10:13:07 PM  Sep 14, 2026
 
Ansys Electronics Desktop Version 2024.2.0, Build: 2024-05-23 02:23:50
Location: C:\Program Files\AnsysEM\v242\Win64\ansysedt.exe
Non Graphical Mode: No Project??
Starting Batch Run: 10:13:29 PM  Sep 14, 2026
Running as user : FILIPEANDRADE\filip
Temp directory: C:\Users\filip\AppData\Local\Temp
Project directory: C:\Users\filip\Documents\Ansoft
The project 'Cavidade_Eliptica_Proj' has been edited and/or solved. Do you want to save the changes?
-- Message Window --
      *Global - Messages
        [info] GRPC server running on port: 60952. 
        [info] The project 'Cavidade_Eliptica_Proj' has been edited and/or solved. Do you want to save the changes?
      Cavidade_Eliptica_Proj (C:/Users/filip/Documents/Ansoft/)
        Cavidade (Modal Network)
          [info] An interpolating frequency sweep with 1001 points has been started using HFSS - Solving Distributed. (10:16:41 PM  Sep 14, 2026)
          [info] Interpolating frequency sweep complete. Converged. (10:16:41 PM  Sep 14, 2026)
          [info] Normal completion of simulation on server: Local Machine. (10:16:41 PM  Sep 14, 2026)
          [warning] The variable  'Phase' doesn't have an associated sweep and is excluded from the definition of trace. (10:16:56 PM  Sep 14, 2026)
-- Message Window --
Stopping Batch Run: 10:19:07 PM  Sep 14, 2026
 
Ansys Electronics Desktop Student Version 2025.2.4, Build: 2025-11-06 17:01:32
Location: C:\Program Files\ANSYS Inc\ANSYS Student\v252\AnsysEM\ansysedtsv.exe
Non Graphical Mode: No Project??
Starting Batch Run: 11:43:27 AM  Sep 15, 2026
Running as user : GAPTEM01\filip
Temp directory: C:\temp
Project directory: C:\Users\filip\Documents\Ansoft
The project 'Cavidade_Eliptica_Proj' has been edited and/or solved. Do you want to save the changes?
-- Message Window --
      *Global - Messages
        [info] gRPC server started on port 60212 of local host. Only connections from the local host initiated by the same user are permitted. 
        [info] The project 'Cavidade_Eliptica_Proj' has been edited and/or solved. Do you want to save the changes?
      Cavidade_Eliptica_Proj (C:/Users/filip/Documents/Ansoft/)
        Cavidade (Modal Network)
          [warning] Renormalizing the port impedance will not impact the field results if the 'Include Port Post Processing Effects' is disabled in Edit Sources. (11:43:56 AM  Sep 15, 2026)
          [info] An interpolating frequency sweep with 1001 points has been started using HFSS - Solving Distributed. (11:45:51 AM  Sep 15, 2026)
          [info] Interpolating frequency sweep complete. Converged. (11:45:51 AM  Sep 15, 2026)
          [info] Normal completion of simulation on server: Local Machine. (11:45:51 AM  Sep 15, 2026)
          [warning] The variable  'Phase' doesn't have an associated sweep and is excluded from the definition of trace. (11:45:56 AM  Sep 15, 2026)
-- Message Window --
Stopping Batch Run: 11:57:43 AM  Sep 15, 2026
 
Ansys Electronics Desktop Student Version 2025.2.4, Build: 2025-11-06 17:01:32
Location: C:\Program Files\ANSYS Inc\ANSYS Student\v252\AnsysEM\ansysedtsv.exe
Non Graphical Mode: No Project??
Starting Batch Run: 12:01:04 PM  Sep 15, 2026
Running as user : GAPTEM01\filip
Temp directory: C:\temp
Project directory: C:\Users\filip\Documents\Ansoft
 
Ansys Electronics Desktop Student Version 2025.2.4, Build: 2025-11-06 17:01:32
Location: C:\Program Files\ANSYS Inc\ANSYS Student\v252\AnsysEM\ansysedtsv.exe
Non Graphical Mode: No Project??
Starting Batch Run: 12:02:34 PM  Sep 15, 2026
Running as user : GAPTEM01\filip
Temp directory: C:\temp
Project directory: C:\Users\filip\Documents\Ansoft
 
Ansys Electronics Desktop Student Version 2025.2.4, Build: 2025-11-06 17:01:32
Location: C:\Program Files\ANSYS Inc\ANSYS Student\v252\AnsysEM\ansysedtsv.exe
Non Graphical Mode: No Project??
Starting Batch Run: 12:06:58 PM  Sep 15, 2026
Running as user : GAPTEM01\filip
Temp directory: C:\temp
Project directory: C:\Users\filip\Documents\Ansoft
[error] A geometry must be selected to generate a plot.
The project 'Cavidade_Eliptica_Eigen' has been edited and/or solved. Do you want to save the changes?
-- Message Window --
      *Global - Messages
        [info] gRPC server started on port 63914 of local host. Only connections from the local host initiated by the same user are permitted. 
        [error] A geometry must be selected to generate a plot.
        [info] The project 'Cavidade_Eliptica_Eigen' has been edited and/or solved. Do you want to save the changes?
      Cavidade_Eliptica_Eigen (C:/Users/filip/Documents/Ansoft/)
        Cavidade (Eigenmode)
          [info] Normal completion of simulation on server: Local Machine. (12:07:56 PM  Sep 15, 2026)
          [warning] 'dB' plot setting option is not supported for vector field plot: 'Vector_E1' (12:16:10 PM  Sep 15, 2026)
-- Message Window --
Stopping Batch Run: 12:17:07 PM  Sep 15, 2026
 
Ansys Electronics Desktop Student Version 2025.2.4, Build: 2025-11-06 17:01:32
Location: C:\Program Files\ANSYS Inc\ANSYS Student\v252\AnsysEM\ansysedtsv.exe
Non Graphical Mode: No Project??
Starting Batch Run: 1:17:28 PM  Sep 15, 2026
Running as user : GAPTEM01\filip
Temp directory: C:\temp
Project directory: C:\Users\filip\Documents\Ansoft
[warning] Electronics Desktop Student cannot be closed right now because it is being used by another application, script or extension wizard.

[warning] Electronics Desktop Student cannot be closed right now because it is being used by another application, script or extension wizard.

[warning] Electronics Desktop Student cannot be closed right now because it is being used by another application, script or extension wizard.

[warning] Electronics Desktop Student cannot be closed right now because it is being used by another application, script or extension wizard.

[warning] Electronics Desktop Student cannot be closed right now because it is being used by another application, script or extension wizard.

[warning] Electronics Desktop Student cannot be closed right now because it is being used by another application, script or extension wizard.

[warning] Electronics Desktop Student cannot be closed right now because it is being used by another application, script or extension wizard.

[warning] Electronics Desktop Student cannot be closed right now because it is being used by another application, script or extension wizard.

[warning] Electronics Desktop Student cannot be closed right now because it is being used by another application, script or extension wizard.

[warning] Electronics Desktop Student cannot be closed right now because it is being used by another application, script or extension wizard.

 
Ansys Electronics Desktop Student Version 2025.2.4, Build: 2025-11-06 17:01:32
Location: C:\Program Files\ANSYS Inc\ANSYS Student\v252\AnsysEM\ansysedtsv.exe
Non Graphical Mode: No Project??
Starting Batch Run: 1:18:41 PM  Sep 15, 2026
Running as user : GAPTEM01\filip
Temp directory: C:\temp
Project directory: C:\Users\filip\Documents\Ansoft
[error] A geometry must be selected to generate a plot.
[error] Only one mode can be excited for eigen mode solution.

[error] Only one mode can be excited for eigen mode solution.

The project 'Cavidade_Eliptica_Eigen' has been edited and/or solved. Do you want to save the changes?
-- Message Window --
      *Global - Messages
        [info] gRPC server started on port 62875 of local host. Only connections from the local host initiated by the same user are permitted. 
        [error] A geometry must be selected to generate a plot.
        [error] Only one mode can be excited for eigen mode solution. 
        [error] Only one mode can be excited for eigen mode solution. 
        [info] The project 'Cavidade_Eliptica_Eigen' has been edited and/or solved. Do you want to save the changes?
      Cavidade_Eliptica_Eigen (C:/Users/filip/Documents/Ansoft/)
        Cavidade (Eigenmode)
          [info] Normal completion of simulation on server: Local Machine. (01:19:39 PM  Sep 15, 2026)
-- Message Window --
 
Ansys Electronics Desktop Student Version 2025.2.4, Build: 2025-11-06 17:01:32
Location: C:\Program Files\ANSYS Inc\ANSYS Student\v252\AnsysEM\ansysedtsv.exe
Non Graphical Mode: No Project??
Starting Batch Run: 1:40:52 PM  Sep 15, 2026
Running as user : GAPTEM01\filip
Temp directory: C:\temp
Project directory: C:\Users\filip\Documents\Ansoft
[error] Only one mode can be excited for eigen mode solution.

[warning] At least one source should be excited.

The project 'Cavidade_Eliptica_Eigen' has been edited and/or solved. Do you want to save the changes?
-- Message Window --
      *Global - Messages
        [info] The project 'Cavidade_Eliptica_Eigen' has been edited and/or solved. Do you want to save the changes?
      Cavidade_Eliptica_Eigen (C:/Users/filip/Documents/Ansoft/)
        Cavidade (Eigenmode)
          [error] Parts Teflon_P2_2 and Metal_Cavity_1 intersect. (02:14:33 PM  Sep 15, 2026)
          [error] Parts Teflon_P1_2 and Metal_Cavity_1 intersect. (02:14:33 PM  Sep 15, 2026)
          [error] Parts Teflon_P2 and Metal_Cavity_1 intersect. (02:14:33 PM  Sep 15, 2026)
          [error] Parts Teflon_P1 and Metal_Cavity_1 intersect. (02:14:33 PM  Sep 15, 2026)
          [error] Parts Pino_P2_3 and Metal_Cavity_1 intersect. (02:14:33 PM  Sep 15, 2026)
          [error] Parts Pino_P2_3 and Glass_Cavity_2 intersect. (02:14:33 PM  Sep 15, 2026)
          [error] Parts Pino_P1_3 and Metal_Cavity_1 intersect. (02:14:33 PM  Sep 15, 2026)
          [error] Parts Pino_P1_3 and Glass_Cavity_2 intersect. (02:14:33 PM  Sep 15, 2026)
          [error] Parts Metal_Cavity_1 and Pino_P2 intersect. (02:14:33 PM  Sep 15, 2026)
          [error] Parts Metal_Cavity_1 and Pino_P1 intersect. (02:14:33 PM  Sep 15, 2026)
          [error] Parts Glass_Cavity_2 and Pino_P2 intersect. (02:14:33 PM  Sep 15, 2026)
          [error] Parts Glass_Cavity_2 and Pino_P1 intersect. (02:14:33 PM  Sep 15, 2026)
          [warning] Warning - Boundary 'PEC_Outer_Teflon_P1' and Boundary 'PEC_Outer_Teflon_P1_2' overlap.   (02:14:33 PM  Sep 15, 2026)
          [warning] Warning - Boundary 'PEC_Outer_Teflon_P1_TKYYPH' and Boundary 'PEC_Outer_Teflon_P1_2_HROPDR' overlap.   (02:14:33 PM  Sep 15, 2026)
          [warning] Warning - Boundary 'PEC_Outer_Teflon_P2' and Boundary 'PEC_Outer_Teflon_P2_2' overlap.   (02:14:33 PM  Sep 15, 2026)
          [warning] Warning - Boundary 'PEC_Outer_Teflon_P2_JKKCPL' and Boundary 'PEC_Outer_Teflon_P2_2_IS5RH7' overlap.   (02:14:33 PM  Sep 15, 2026)
-- Message Window --
 
Ansys Electronics Desktop Student Version 2025.2.4, Build: 2025-11-06 17:01:32
Location: C:\Program Files\ANSYS Inc\ANSYS Student\v252\AnsysEM\ansysedtsv.exe
Non Graphical Mode: No Project??
Starting Batch Run: 2:15:44 PM  Sep 15, 2026
Running as user : GAPTEM01\filip
Temp directory: C:\temp
Project directory: C:\Users\filip\Documents\Ansoft
The project 'Cavidade_Eliptica_Eigen' has been edited and/or solved. Do you want to save the changes?
-- Message Window --
      *Global - Messages
        [info] gRPC server started on port 62792 of local host. Only connections from the local host initiated by the same user are permitted. 
        [info] The project 'Cavidade_Eliptica_Eigen' has been edited and/or solved. Do you want to save the changes?
      Cavidade_Eliptica_Eigen (C:/Users/filip/Documents/Ansoft/)
        Cavidade (Eigenmode)
          [info] Normal completion of simulation on server: Local Machine. (02:17:23 PM  Sep 15, 2026)
-- Message Window --
Stopping Batch Run: 2:20:09 PM  Sep 15, 2026
 
Ansys Electronics Desktop Student Version 2025.2.4, Build: 2025-11-06 17:01:32
Location: C:\Program Files\ANSYS Inc\ANSYS Student\v252\AnsysEM\ansysedtsv.exe
Non Graphical Mode: No Project??
Starting Batch Run: 2:23:10 PM  Sep 15, 2026
Running as user : GAPTEM01\filip
Temp directory: C:\temp
Project directory: C:\Users\filip\Documents\Ansoft
The project 'Cavidade_Eliptica_Eigen' has been edited and/or solved. Do you want to save the changes?
-- Message Window --
      *Global - Messages
        [info] gRPC server started on port 63059 of local host. Only connections from the local host initiated by the same user are permitted. 
        [info] The project 'Cavidade_Eliptica_Eigen' has been edited and/or solved. Do you want to save the changes?
      Cavidade_Eliptica_Eigen (C:/Users/filip/Documents/Ansoft/)
        Cavidade (Eigenmode)
          [info] Normal completion of simulation on server: Local Machine. (02:24:07 PM  Sep 15, 2026)
-- Message Window --
 
Ansys Electronics Desktop Student Version 2025.2.4, Build: 2025-11-06 17:01:32
Location: C:\Program Files\ANSYS Inc\ANSYS Student\v252\AnsysEM\ansysedtsv.exe
Non Graphical Mode: No Project??
Starting Batch Run: 2:27:39 PM  Sep 15, 2026
Running as user : GAPTEM01\filip
Temp directory: C:\temp
Project directory: C:\Users\filip\Documents\Ansoft
The project 'Cavidade_Eliptica_Eigen' has been edited and/or solved. Do you want to save the changes?
-- Message Window --
      *Global - Messages
        [info] gRPC server started on port 52872 of local host. Only connections from the local host initiated by the same user are permitted. 
        [info] The project 'Cavidade_Eliptica_Eigen' has been edited and/or solved. Do you want to save the changes?
      Cavidade_Eliptica_Eigen (C:/Users/filip/Documents/Ansoft/)
        Cavidade (Eigenmode)
          [info] Normal completion of simulation on server: Local Machine. (02:28:34 PM  Sep 15, 2026)
-- Message Window --
