 
Ansys Electronics Desktop Version 2024.2.0, Build: 2024-05-23 02:23:50
Location: C:\Program Files\AnsysEM\v242\Win64\ansysedt.exe
Non Graphical Mode: No Project??
Starting Batch Run: 9:32:24 PM  Sep 14, 2026
Running as user : FILIPEANDRADE\filip
Temp directory: C:\Users\filip\AppData\Local\Temp
Project directory: C:\Users\filip\Documents\Ansoft
 
Ansys Electronics Desktop Version 2024.2.0, Build: 2024-05-23 02:23:50
Location: C:\Program Files\AnsysEM\v242\Win64\ansysedt.exe
Non Graphical Mode: No Project??
Starting Batch Run: 9:33:48 PM  Sep 14, 2026
Running as user : FILIPEANDRADE\filip
Temp directory: C:\Users\filip\AppData\Local\Temp
Project directory: C:\Users\filip\Documents\Ansoft
 
Ansys Electronics Desktop Version 2024.2.0, Build: 2024-05-23 02:23:50
Location: C:\Program Files\AnsysEM\v242\Win64\ansysedt.exe
Non Graphical Mode: No Project??
Starting Batch Run: 9:34:34 PM  Sep 14, 2026
Running as user : FILIPEANDRADE\filip
Temp directory: C:\Users\filip\AppData\Local\Temp
Project directory: C:\Users\filip\Documents\Ansoft
 
Ansys Electronics Desktop Version 2024.2.0, Build: 2024-05-23 02:23:50
Location: C:\Program Files\AnsysEM\v242\Win64\ansysedt.exe
Non Graphical Mode: No Project??
Starting Batch Run: 9:52:10 PM  Sep 14, 2026
Running as user : FILIPEANDRADE\filip
Temp directory: C:\Users\filip\AppData\Local\Temp
Project directory: C:\Users\filip\Documents\Ansoft
 
Ansys Electronics Desktop Version 2024.2.0, Build: 2024-05-23 02:23:50
Location: C:\Program Files\AnsysEM\v242\Win64\ansysedt.exe
Non Graphical Mode: No Project??
Starting Batch Run: 9:53:40 PM  Sep 14, 2026
Running as user : FILIPEANDRADE\filip
Temp directory: C:\Users\filip\AppData\Local\Temp
Project directory: C:\Users\filip\Documents\Ansoft
 
Ansys Electronics Desktop Student Version 2025.2.4, Build: 2025-11-06 17:01:32
Location: C:\Program Files\ANSYS Inc\ANSYS Student\v252\AnsysEM\ansysedtsv.exe
Non Graphical Mode: No Project??
Starting Batch Run: 11:59:15 AM  Sep 15, 2026
Running as user : GAPTEM01\filip
Temp directory: C:\temp
Project directory: C:\Users\filip\Documents\Ansoft
 
Ansys Electronics Desktop Student Version 2025.2.4, Build: 2025-11-06 17:01:32
Location: C:\Program Files\ANSYS Inc\ANSYS Student\v252\AnsysEM\ansysedtsv.exe
Non Graphical Mode: No Project??
Starting Batch Run: 12:05:02 PM  Sep 15, 2026
Running as user : GAPTEM01\filip
Temp directory: C:\temp
Project directory: C:\Users\filip\Documents\Ansoft
 
Ansys Electronics Desktop Student Version 2025.2.4, Build: 2025-11-06 17:01:32
Location: C:\Program Files\ANSYS Inc\ANSYS Student\v252\AnsysEM\ansysedtsv.exe
Non Graphical Mode: No Project??
Starting Batch Run: 12:05:42 PM  Sep 15, 2026
Running as user : GAPTEM01\filip
Temp directory: C:\temp
Project directory: C:\Users\filip\Documents\Ansoft
 
Ansys Electronics Desktop Student Version 2025.2.4, Build: 2025-11-06 17:01:32
Location: C:\Program Files\ANSYS Inc\ANSYS Student\v252\AnsysEM\ansysedtsv.exe
Non Graphical Mode: No Project??
Starting Batch Run: 12:25:31 PM  Sep 17, 2026
Running as user : GAPTEM01\filip
Temp directory: C:\temp
Project directory: C:\Users\filip\Documents\Ansoft
 
Ansys Electronics Desktop Student Version 2025.2.4, Build: 2025-11-06 17:01:32
Location: C:\Program Files\ANSYS Inc\ANSYS Student\v252\AnsysEM\ansysedtsv.exe
Non Graphical Mode: No Project??
Starting Batch Run: 12:38:38 PM  Sep 17, 2026
Running as user : GAPTEM01\filip
Temp directory: C:\temp
Project directory: C:\Users\filip\Documents\Ansoft
 
Ansys Electronics Desktop Student Version 2025.2.4, Build: 2025-11-06 17:01:32
Location: C:\Program Files\ANSYS Inc\ANSYS Student\v252\AnsysEM\ansysedtsv.exe
Non Graphical Mode: No Project??
Starting Batch Run: 12:46:23 PM  Sep 17, 2026
Running as user : GAPTEM01\filip
Temp directory: C:\temp
Project directory: C:\Users\filip\Documents\Ansoft
[info] gRPC server started on port 63924 of local host. Only connections from the local host initiated by the same user are permitted.

[error] No such feature exists.
Feature
hfss_gui
License path
C
\Users\filip\AppData\Local\Temp\\f7b3fc51-ed70-40c4-9af1-b85da83f17bd;
FlexNet Licensing error
-5,357


[error] No such feature exists.
Feature
hfss_gui
License path
C
\Users\filip\AppData\Local\Temp\\f7b3fc51-ed70-40c4-9af1-b85da83f17bd;
FlexNet Licensing error
-5,357


[info] Server 'srv_2001' started on ports (2001, 2002)
 
Ansys Electronics Desktop Student Version 2025.2.4, Build: 2025-11-06 17:01:32
Location: C:\Program Files\ANSYS Inc\ANSYS Student\v252\AnsysEM\ansysedtsv.exe
Non Graphical Mode: No Project??
Starting Batch Run: 1:41:42 PM  Sep 17, 2026
Running as user : GAPTEM01\filip
Temp directory: C:\temp
Project directory: C:\Users\filip\Documents\Ansoft
[info] gRPC server started on port 63577 of local host. Only connections from the local host initiated by the same user are permitted.

 
Ansys Electronics Desktop Student Version 2025.2.4, Build: 2025-11-06 17:01:32
Location: C:\Program Files\ANSYS Inc\ANSYS Student\v252\AnsysEM\ansysedtsv.exe
Non Graphical Mode: No Project??
Starting Batch Run: 1:42:32 PM  Sep 17, 2026
Running as user : GAPTEM01\filip
Temp directory: C:\temp
Project directory: C:\Users\filip\Documents\Ansoft
[info] gRPC server started on port 63598 of local host. Only connections from the local host initiated by the same user are permitted.

 
Ansys Electronics Desktop Student Version 2025.2.4, Build: 2025-11-06 17:01:32
Location: C:\Program Files\ANSYS Inc\ANSYS Student\v252\AnsysEM\ansysedtsv.exe
Non Graphical Mode: No Project??
Starting Batch Run: 1:43:24 PM  Sep 17, 2026
Running as user : GAPTEM01\filip
Temp directory: C:\temp
Project directory: C:\Users\filip\Documents\Ansoft
 
Ansys Electronics Desktop Student Version 2025.2.4, Build: 2025-11-06 17:01:32
Location: C:\Program Files\ANSYS Inc\ANSYS Student\v252\AnsysEM\ansysedtsv.exe
Non Graphical Mode: No Project??
Starting Batch Run: 1:44:23 PM  Sep 17, 2026
Running as user : GAPTEM01\filip
Temp directory: C:\temp
Project directory: C:\Users\filip\Documents\Ansoft
 
Ansys Electronics Desktop Student Version 2025.2.4, Build: 2025-11-06 17:01:32
Location: C:\Program Files\ANSYS Inc\ANSYS Student\v252\AnsysEM\ansysedtsv.exe
Non Graphical Mode: No Project??
Starting Batch Run: 1:47:34 PM  Sep 17, 2026
Running as user : GAPTEM01\filip
Temp directory: C:\temp
Project directory: C:\Users\filip\Documents\Ansoft
